{
  "total": 60,
  "passed": 60,
  "failed": [],
  "seconds": 56.57
}
{
  "python_flint": "0.9.0",
  "prec_bits": 256,
  "lambda_1": "[0.0230957089661210338143102479065 +/- 4.72e-33]",
  "q_1": "[200.040454832386859463365185961 +/- 4.02e-28]",
  "q_2": "[442.176150574082490320460688768 +/- 2.01e-28]",
  "q1_over_q2": "[0.45239991929160355477 +/- 2.61e-21]",
  "C0": "[8.001938046160201229441097 +/- 9.66e-26]",
  "C_upper_with_H": "[8.001938046160201229441098 +/- 3.37e-25]",
  "C_times_ratio_cubed_upper": "[0.740905367282833 +/- 3.46e-16]",
  "log2pi_minus_gamma": "[1.26066140150781262295414738273 +/- 1.17e-30]",
  "zero_real_parts_are_one_half": [
    "0.5000000000",
    "0.5000000000"
  ]
}
