{
  "status": "PASS",
  "total_assertions": 7685,
  "groups": {
    "closed_P_at_minus_four_thirds": 33,
    "closed_V_at_minus_four_thirds": 33,
    "V_alternating_coefficients": 33,
    "P_to_V_basis": 33,
    "V_value_geometric_bound": 33,
    "Catalan_P_Gram": 289,
    "Catalan_V_orthogonality": 289,
    "arcsine_P_Gram": 289,
    "arcsine_V_Gram": 289,
    "mixed_P_absolute_coefficients": 289,
    "mixed_V_absolute_coefficients": 289,
    "Lighthouse_inverse_matrix": 4900,
    "inverse_row_sum": 24,
    "arcsine_trace": 24,
    "mixed_block_S_closed": 24,
    "mixed_block_S_upper": 24,
    "maximal_mixed_block_degree": 129,
    "block_rate_comparison": 129,
    "old_diagonal_admissibility": 129,
    "exact_alpha3_comparison": 1,
    "exact_alpha4_comparison": 1,
    "cutoff5_decay": 1,
    "cutoff13_decay": 1,
    "block_constant_conversion": 1,
    "finite_lower_reserve_test": 70,
    "finite_compensation_test": 70,
    "rational_source_normalized_block": 210,
    "tied_maximal_mode": 1,
    "annihilator_at_tie": 1,
    "annihilator_at_selected": 1,
    "tied_pair_exact_two_signs": 21,
    "Lighthouse_Blue_root_sign": 21,
    "actual_fold_coordinate_identity": 3
  },
  "scope": "Independent finite algebra; synthetic mode tests and rational analytic examples only.",
  "not_certified": [
    "all-rank or limit statements by computation",
    "actual-zero certificates",
    "the signed prime-error bound"
  ],
  "script_sha256": "fb0136c40989bcf700cb8bcf071bf48917e640d1dd0005e72d932168e0dbe214"
}
