{
  "status": "PASS",
  "total_checks": 30519,
  "checks": {
    "example": 4,
    "single_output_ambiguity": 2,
    "two_mode_recurrence": 5,
    "blind_recovery": 64,
    "triangular_curvature": 101,
    "strict_log_convexity": 101,
    "adjacent_diagonal_damping": 51,
    "curvature_product_telescope": 30,
    "quarter_gamma_finite_product": 30,
    "histogram_degree": 29764,
    "determinant_mode_expansion": 75,
    "general_blind_inverse": 4,
    "general_characteristic_recurrence": 4,
    "inverse_condition_identity": 4,
    "finite_rank_masking": 2,
    "polynomial_model": 2,
    "fixed_depth_negative_witness": 2,
    "odd_Li_blind_inverse": 10,
    "odd_square_alternation": 10,
    "odd_Li_condition_identity": 10,
    "lambda3_weights": 1,
    "negative_model_lambda37": 1,
    "positive_outputs_hide_negative_model_lambda37": 1,
    "hypergeometric_ode_coefficients": 240,
    "rank3_rates": 1
  },
  "example": [
    {
      "depth": 0,
      "determinant": "-1/25",
      "approximation": -0.04
    },
    {
      "depth": 1,
      "determinant": "8/225",
      "approximation": 0.035555555555555556
    },
    {
      "depth": 2,
      "determinant": "448/10125",
      "approximation": 0.04424691358024691
    },
    {
      "depth": 3,
      "determinant": "15872/455625",
      "approximation": 0.03483566529492455
    },
    {
      "depth": 4,
      "determinant": "483328/20503125",
      "approximation": 0.023573382106386223
    },
    {
      "depth": 5,
      "determinant": "13647872/922640625",
      "approximation": 0.014792186285965892
    },
    {
      "depth": 6,
      "determinant": "368508928/41518828125",
      "approximation": 0.008875706387726954
    }
  ],
  "rank_mode_counts": [
    {
      "rank": 1,
      "permutations": 1,
      "nonzero_histograms": 1,
      "distinct_rates": 1,
      "log10_raw_inverse_error_amplifier_approx": 0.0,
      "log10_max_rate_normalized_inverse_error_amplifier_approx": 0.0
    },
    {
      "rank": 2,
      "permutations": 2,
      "nonzero_histograms": 2,
      "distinct_rates": 2,
      "log10_raw_inverse_error_amplifier_approx": 0.9213612830446694,
      "log10_max_rate_normalized_inverse_error_amplifier_approx": 0.5314789170422551
    },
    {
      "rank": 3,
      "permutations": 6,
      "nonzero_histograms": 5,
      "distinct_rates": 5,
      "log10_raw_inverse_error_amplifier_approx": 4.061748483388963,
      "log10_max_rate_normalized_inverse_error_amplifier_approx": 1.6971432031289688
    },
    {
      "rank": 4,
      "permutations": 24,
      "nonzero_histograms": 16,
      "distinct_rates": 16,
      "log10_raw_inverse_error_amplifier_approx": 20.322512016284826,
      "log10_max_rate_normalized_inverse_error_amplifier_approx": 5.8180491662711455
    },
    {
      "rank": 5,
      "permutations": 120,
      "nonzero_histograms": 58,
      "distinct_rates": 58,
      "log10_raw_inverse_error_amplifier_approx": 105.09517796060426,
      "log10_max_rate_normalized_inverse_error_amplifier_approx": 22.31531902522412
    },
    {
      "rank": 6,
      "permutations": 720,
      "nonzero_histograms": 231,
      "distinct_rates": 225,
      "log10_raw_inverse_error_amplifier_approx": 541.8242702603617,
      "log10_max_rate_normalized_inverse_error_amplifier_approx": 91.12511282178563
    },
    {
      "rank": 7,
      "permutations": 5040,
      "nonzero_histograms": 1016,
      "distinct_rates": 980,
      "log10_raw_inverse_error_amplifier_approx": 2987.566691156158,
      "log10_max_rate_normalized_inverse_error_amplifier_approx": 419.4936479722069
    },
    {
      "rank": 8,
      "permutations": 40320,
      "nonzero_histograms": 4782,
      "distinct_rates": 4520,
      "log10_raw_inverse_error_amplifier_approx": 16810.964981125006,
      "log10_max_rate_normalized_inverse_error_amplifier_approx": 2034.8365091893781
    },
    {
      "rank": 9,
      "permutations": 362880,
      "nonzero_histograms": 23653,
      "distinct_rates": 22244,
      "log10_raw_inverse_error_amplifier_approx": 98193.72937873629,
      "log10_max_rate_normalized_inverse_error_amplifier_approx": 10468.784260944401
    }
  ]
}
