{
 "arb_receipt": {
  "file": "RECEIPT_arb.json",
  "backend": "python-flint 0.9.0 (FLINT/Arb ball arithmetic), SymPy 1.14.0",
  "parameters": {
   "precision_bits": 256,
   "taylor_degree": 20,
   "initial_step": "1/64"
  },
  "sha256_script": "1247b80a33795b916142baa141184d5a2a7ed395385f7c74cc2254e1b76f0371",
  "sha256_receipt": "07cfaa386ac7f36b83c910e44576d2c8bc451ae39096e0653ee90b6a79621c1d"
 },
 "decimal_receipt": {
  "file": "RECEIPT_decimal.json",
  "backend": "CPython decimal (libmpdec 2.5.1), ROUND_FLOOR directed rounding",
  "parameters": {
   "digits": 80,
   "taylor_degree": 20,
   "initial_step": "1/64",
   "euler_maclaurin_N": 30,
   "euler_maclaurin_M": 20,
   "stirling_shift_target": 32,
   "stirling_terms": 30,
   "remainder_target": "1e-40",
   "cauchy_radius": "1"
  },
  "sha256_script": "d4a82cad93f7602c21361bb7fe64712ba3cdfc075536732928fb066ad71af1c0",
  "sha256_receipt": "16ffadfd684f6129eeb6a4ccaae3d1aaf822c9e0cc2e87a9c3c0ad9d12ff0fac"
 },
 "checks": [
  {
   "check": "both runs report PASS",
   "result": true
  },
  {
   "check": "exact tail data identical (SymPy vs Fraction)",
   "k": 2,
   "alpha": "7",
   "ratio": "49774961601359022036770887191/26406204443868436309318243015873820577459296074796713902080000",
   "source_polynomials_identical": true,
   "result": true
  },
  {
   "check": "exact tail data identical (SymPy vs Fraction)",
   "k": 3,
   "alpha": "396",
   "ratio": "1309798797933204013131025663797240000212333/1096548910513402230857244287592346740568005684731753778332380954624000000",
   "source_polynomials_identical": true,
   "result": true
  },
  {
   "check": "exact tail data identical (SymPy vs Fraction)",
   "k": 4,
   "alpha": "54000",
   "ratio": "966379193791050537149858650554677964697405812252642811883/2963570248592960814237666918980750339864990686512334852030962069023175475200000000000",
   "source_polynomials_identical": true,
   "result": true
  },
  {
   "check": "exact tail data identical (SymPy vs Fraction)",
   "k": 5,
   "alpha": "13406400",
   "ratio": "11730569506017283891775089279753807726374393500460534356744737902708441/231463083622797950662433208726686905023192681170961865629811871256104433267274416128000000000000",
   "source_polynomials_identical": true,
   "result": true
  },
  {
   "check": "exact tail data identical (SymPy vs Fraction)",
   "k": 6,
   "alpha": "5258131200",
   "ratio": "1030929331646771542433415573837084207795912183863937874728672694102290900469950612899/199915798100468932936676252732469657564209188442379462849292339910988760677386493076698247987200000000000000",
   "source_polynomials_identical": true,
   "result": true
  },
  {
   "check": "sampled g_k enclosures overlap in both backends",
   "points": 45,
   "widest_enclosure_at": [
    2,
    "10"
   ],
   "widest_enclosure": "8.0000000267988850437540676067686798E-36",
   "result": true
  },
  {
   "check": "both partitions cover [1,128] exactly and every cell clears theta_k",
   "arb_cells": {
    "2": 651,
    "3": 709,
    "4": 1097,
    "5": 1459,
    "6": 2101
   },
   "decimal_cells": {
    "2": 448,
    "3": 448,
    "4": 448,
    "5": 448,
    "6": 448
   },
   "thresholds": {
    "2": "1/100000",
    "3": "1/100000000",
    "4": "1/10000000000",
    "5": "1/1000000000000",
    "6": "1/1000000000000000"
   },
   "result": true
  },
  {
   "check": "legacy receipt reproduced",
   "file": "receipt_standard.json",
   "sha256_receipt": "63690e6903f3fd5f718f803b609271ac6136c28028773f37fb587f1f183174c6",
   "legacy_script_sha256": "348bb9b9d39669dc6729731f8a67b31bf596173554d8fc5fa6c10f3c4fb88697",
   "python_flint": "0.9.0",
   "rungs": [
    {
     "k": 5,
     "legacy_cells": 2088,
     "threshold": "1/1000000000000"
    },
    {
     "k": 6,
     "legacy_cells": 2171,
     "threshold": "1/1000000000000000"
    }
   ],
   "result": true,
   "tail_constants_identical": true,
   "legacy_centre_spot_check": [
    {
     "k": 5,
     "midpoints_recomputed": 261,
     "all_overlap_with_decimal_backend": true
    },
    {
     "k": 6,
     "midpoints_recomputed": 272,
     "all_overlap_with_decimal_backend": true
    }
   ]
  },
  {
   "check": "legacy receipt reproduced",
   "file": "receipt_second_run.json",
   "sha256_receipt": "7b0c64917623ce04653e0d8f6c2af2da9435667aae9d0c05b783255f658bc277",
   "legacy_script_sha256": "348bb9b9d39669dc6729731f8a67b31bf596173554d8fc5fa6c10f3c4fb88697",
   "python_flint": "0.9.0",
   "rungs": [
    {
     "k": 5,
     "legacy_cells": 4093,
     "threshold": "1/1000000000000"
    },
    {
     "k": 6,
     "legacy_cells": 4135,
     "threshold": "1/1000000000000000"
    }
   ],
   "result": true,
   "tail_constants_identical": true,
   "legacy_centre_spot_check": [
    {
     "k": 5,
     "midpoints_recomputed": 256,
     "all_overlap_with_decimal_backend": true
    },
    {
     "k": 6,
     "midpoints_recomputed": 259,
     "all_overlap_with_decimal_backend": true
    }
   ]
  }
 ],
 "status": "PASS"
}
